// Vitest Snapshot v1, https://vitest.dev/guide/snapshot.html

exports[`InputBase > Default Initialization > should matches the snapshot with default props 1`] = `
<DocumentFragment>
  <input
    class="_inputBase_6ca9ba _inputBase--paddingLeft-primary_6ca9ba _inputBase--paddingRight-primary_6ca9ba"
  />
</DocumentFragment>
`;
